// Jest Snapshot v1, https://goo.gl/fbAQLP

exports[`QuestionTileGridContainer tests : should render properly 1`] = `<Component />`;
