// Jest Snapshot v1, https://goo.gl/fbAQLP

exports[`QuestionTileGridComponent tests : should render properly 1`] = `<div />`;
