// Jest Snapshot v1, https://goo.gl/fbAQLP

exports[`should 1`] = `
<Provider
  store={
    Object {
      "dispatch": [Function],
      "getState": [Function],
      "replaceReducer": [Function],
      "subscribe": [Function],
      Symbol(observable): [Function],
    }
  }
>
  <HashRouter>
    <div
      className="app"
    >
      <Component />
      <Component />
    </div>
  </HashRouter>
</Provider>
`;
